------------------------------------------------------------
TimeQuest Timing Analyzer Summary
------------------------------------------------------------

Type  : Slow Model Setup 'vga640480:u1|clk'
Slack : -6.582
TNS   : -1806.808

Type  : Slow Model Setup 'clk_0'
Slack : -2.665
TNS   : -41.038

Type  : Slow Model Setup 'Keyboard:u3|fok'
Slack : -2.296
TNS   : -17.871

Type  : Slow Model Setup 'vga640480:u1|clk1'
Slack : 1.091
TNS   : 0.000

Type  : Slow Model Hold 'clk_0'
Slack : -2.956
TNS   : -2.956

Type  : Slow Model Hold 'vga640480:u1|clk1'
Slack : -0.857
TNS   : -0.857

Type  : Slow Model Hold 'vga640480:u1|clk'
Slack : 0.296
TNS   : 0.000

Type  : Slow Model Hold 'Keyboard:u3|fok'
Slack : 1.599
TNS   : 0.000

Type  : Slow Model Minimum Pulse Width 'vga640480:u1|clk'
Slack : -2.277
TNS   : -1861.520

Type  : Slow Model Minimum Pulse Width 'clk_0'
Slack : -1.941
TNS   : -40.525

Type  : Slow Model Minimum Pulse Width 'vga640480:u1|clk1'
Slack : -0.742
TNS   : -1.484

Type  : Slow Model Minimum Pulse Width 'Keyboard:u3|fok'
Slack : 0.500
TNS   : 0.000

Type  : Fast Model Setup 'vga640480:u1|clk'
Slack : -2.172
TNS   : -332.816

Type  : Fast Model Setup 'Keyboard:u3|fok'
Slack : -0.687
TNS   : -5.267

Type  : Fast Model Setup 'clk_0'
Slack : -0.111
TNS   : -0.210

Type  : Fast Model Setup 'vga640480:u1|clk1'
Slack : 0.773
TNS   : 0.000

Type  : Fast Model Hold 'clk_0'
Slack : -1.775
TNS   : -1.775

Type  : Fast Model Hold 'vga640480:u1|clk1'
Slack : -0.393
TNS   : -0.393

Type  : Fast Model Hold 'vga640480:u1|clk'
Slack : 0.215
TNS   : 0.000

Type  : Fast Model Hold 'Keyboard:u3|fok'
Slack : 1.198
TNS   : 0.000

Type  : Fast Model Minimum Pulse Width 'vga640480:u1|clk'
Slack : -1.423
TNS   : -1168.864

Type  : Fast Model Minimum Pulse Width 'clk_0'
Slack : -1.380
TNS   : -27.380

Type  : Fast Model Minimum Pulse Width 'vga640480:u1|clk1'
Slack : -0.500
TNS   : -1.000

Type  : Fast Model Minimum Pulse Width 'Keyboard:u3|fok'
Slack : 0.500
TNS   : 0.000

------------------------------------------------------------
